<html>
<body>
<pre>
<h1>µVision Build Log</h1>
<h2>Project:</h2>
C:\Users\Ajay Kumar\Desktop\Ajay\ARM\Home_Practise.uvproj
Project File Date:  08/22/2025

<h2>Output:</h2>
Build target 'Target 1'
compiling arduino _api.c...
compiling show_bin_eq1.c...
show_bin_eq1.c(16): warning:  #223-D: function "srand" declared implicitly
        srand(seed++);
show_bin_eq1.c(25): warning:  #223-D: function "rand" declared implicitly
                        num = (rand() % 255) + 1;
show_bin_eq1.c(11): warning:  #550-D: variable "num" was set but never used
        u32 num,i;
show_bin_eq1.c: 3 warnings, 0 errors
linking...
Program Size: Code=1232 RO-data=32 RW-data=4 ZI-data=1484  
".\Home_Practise.axf" - 0 Error(s), 3 Warning(s).
nNo) &1);
arduino _api.c: 0 warnings, 4 errors
".\Home_Practise.axf" - 4 Error(s), 0 Warning(s).
Target not created
 #223-D: function "rand" declared implicitly
                        num = (rand() % 255) + 1;
show_bin_eq.c: 6 warnings, 2 errors
".\Home_Practise.axf" - 2 Error(s), 6 Warning(s).
Target not created
