<html>
<body>
<pre>
<h1>µVision Build Log</h1>
<h2>Project:</h2>
E:\v24he11a13\ARM_Project\ARM_Project.uvproj
Project File Date:  10/22/2025

<h2>Output:</h2>
Build target 'Target 1'
assembling Startup.s...
compiling delay.c...
compiling interrupt.c...
compiling kpm.c...
compiling lcd.c...
compiling mini_project.c...
compiling pin_connect_block.c...
compiling rtc.c...
linking...
Program Size: Code=8400 RO-data=112 RW-data=80 ZI-data=1256  
FromELF: creating hex file...
"ARM_Project.axf" - 0 Error(s), 0 Warning(s).
Build target 'Target 1'
compiling interrupt.c...
linking...
Program Size: Code=8372 RO-data=112 RW-data=80 ZI-data=1256  
FromELF: creating hex file...
"ARM_Project.axf" - 0 Error(s), 0 Warning(s).
Build target 'Target 1'
compiling interrupt.c...
compiling kpm.c...
compiling rtc.c...
linking...
Program Size: Code=8392 RO-data=112 RW-data=80 ZI-data=1256  
FromELF: creating hex file...
"ARM_Project.axf" - 0 Error(s), 0 Warning(s).
Build target 'Target 1'
compiling kpm.c...
linking...
Program Size: Code=8392 RO-data=112 RW-data=80 ZI-data=1256  
FromELF: creating hex file...
"ARM_Project.axf" - 0 Error(s), 0 Warning(s).
Build target 'Target 1'
compiling rtc.c...
rtc.c(372): error: At end of source:  #67: expected a "}"
rtc.c: rtc.c: 0 warnings, 1 error
Target not created
Build target 'Target 1'
compiling rtc.c...
linking...
Program Size: Code=8408 RO-data=112 RW-data=80 ZI-data=1256  
FromELF: creating hex file...
"ARM_Project.axf" - 0 Error(s), 0 Warning(s).
Build target 'Target 1'
compiling mini_project.c...
linking...
Program Size: Code=8408 RO-data=112 RW-data=80 ZI-data=1256  
FromELF: creating hex file...
"ARM_Project.axf" - 0 Error(s), 0 Warning(s).
Build target 'Target 1'
compiling mini_project.c...
linking...
Program Size: Code=8408 RO-data=112 RW-data=80 ZI-data=1256  
FromELF: creating hex file...
"ARM_Project.axf" - 0 Error(s), 0 Warning(s).
Build target 'Target 1'
linking...
kpm_test.axf: Error: L6218E: Undefined symbol main (referred from rtentry2.o).
kpm_test.axf: Not enough information to list image symbols.
kpm_test.axf: Finished: 1 information, 0 warning and 1 error messages.
Target not created
Build target 'Target 1'
compiling kpm_test.c...
kpm_test.c(12): warning:  #1-D: last line of file ends without a newline
kpm_test.c:   }
kpm_test.c:    ^
kpm_test.c: kpm_test.c: 1 warning, 0 errors
linking...
Program Size: Code=4680 RO-data=32 RW-data=16 ZI-data=1256  
FromELF: creating hex file...
"kpm_test.axf" - 0 Error(s), 1 Warning(s).
Build target 'Target 1'
compiling kpm_test.c...
linking...
Program Size: Code=4680 RO-data=32 RW-data=16 ZI-data=1256  
FromELF: creating hex file...
"kpm_test.axf" - 0 Error(s), 0 Warning(s).
Build target 'Target 1'
compiling kpm_test.c...
linking...
Program Size: Code=4688 RO-data=32 RW-data=16 ZI-data=1256  
FromELF: creating hex file...
"kpm_test.axf" - 0 Error(s), 0 Warning(s).
