<html>
<body>
<pre>
<h1>µVision Build Log</h1>
<h2>Project:</h2>
C:\Users\Ajay Kumar\Desktop\Ajay\ARM_Project\ARM_Project.uvproj
Project File Date:  10/29/2025

<h2>Output:</h2>
Build target 'Target 1'
compiling mini_project.c...
linking...
Program Size: Code=9592 RO-data=96 RW-data=108 ZI-data=1260  
FromELF: creating hex file...
".\ARM_Project.axf" - 0 Error(s), 0 Warning(s).
</pre>
</body>
</html>
ng(s).
Target not created
arning(s).
 *"
                alarm_min =(s32) MIN;
rtc.c(390): error:  #42: operand types are incompatible ("unsigned char" and "s32 *")
                if(READBIT(IOPIN0,ALARM_STOP_SWAL) || !(HOUR == alarm_hour && MIN == alarm_min)) {
rtc.c(390): error:  #42: operand types are incompatible ("unsigned char" and "s32 *")
                if(READBIT(IOPIN0,ALARM_STOP_SWAL) || !(HOUR == alarm_hour && MIN == alarm_min)) {
rtc.c: 0 warnings, 4 errors
".\ARM_Project.axf" - 4 Error(s), 0 Warning(s).
Target not created
RM_Project.axf" - 4 Error(s), 0 Warning(s).
Target not created
