<html>
<body>
<pre>
<h1>µVision Build Log</h1>
<h2>Project:</h2>
C:\Users\Ajay Kumar\Desktop\Ajay\Vector-main\Vector-main\ARM_Project\ARM_Project.uvproj
Project File Date:  10/24/2025

<h2>Output:</h2>
Build target 'Target 1'
linking...
Program Size: Code=8380 RO-data=96 RW-data=96 ZI-data=1256  
FromELF: creating hex file...
".\ARM_Project.axf" - 0 Error(s), 0 Warning(s).
</pre>
</body>
</html>


 file...
".\mini_project.axf" - 0 Error(s), 0 Warning(s).
-D: parsing restarts here after previous syntax error
  typedef unsigned char u8;
interrupt.c: 1 warning, 2 errors
compiling kpm.c...
lcd_defines.h(23): error:  #20: identifier "lpc2129" is undefined
  lpc2129 port pin connection to lcd
lcd_defines.h(23): error:  #65: expected a ";"
  lpc2129 port pin connection to lcd
types.h(1): warning:  #12-D: parsing restarts here after previous syntax error
  typedef unsigned char u8;
kpm.c: 1 warning, 2 errors
compiling lcd.c...
lcd_defines.h(23): error:  #20: identifier "lpc2129" is undefined
  lpc2129 port pin connection to lcd
lcd_defines.h(23): error:  #65: expected a ";"
  lpc2129 port pin connection to lcd
types.h(1): warning:  #12-D: parsing restarts here after previous syntax error
  typedef unsigned char u8;
lcd.c: 1 warning, 2 errors
compiling rtc.c...
lcd_defines.h(23): error:  #20: identifier "lpc2129" is undefined
  lpc2129 port pin connection to lcd
lcd_defines.h(23): error:  #65: expected a ";"
  lpc2129 port pin connection to lcd
types.h(1): warning:  #12-D: parsing restarts here after previous syntax error
  typedef unsigned char u8;
rtc.c: 1 warning, 2 errors
".\mini_project.axf" - 8 Error(s), 4 Warning(s).
Target not created
